<html>
<body>
<pre>
<h1>µVision Build Log</h1>
<h2>Tool Versions:</h2>
IDE-Version: µVision V5.18a
Copyright (C) 2016 ARM Ltd and ARM Germany GmbH. All rights reserved.
License Information: keil marvinm2, Hewlett-Packard Company, LIC=----
 
Tool Versions:
Toolchain:       MDK-Lite  Version: 5.18a
Toolchain Path:  C:\Keil_v5\ARM\ARMCC\Bin
C Compiler:      Armcc.exe V5.06 update 1 (build 61)
Assembler:       Armasm.exe V5.06 update 1 (build 61)
Linker/Locator:  ArmLink.exe V5.06 update 1 (build 61)
Library Manager: ArmAr.exe V5.06 update 1 (build 61)
Hex Converter:   FromElf.exe V5.06 update 1 (build 61)
CPU DLL:         SARMCM3.DLL V5.18a
Dialog DLL:      DCM.DLL V1.13.6.0
Target DLL:      STLink\ST-LINKIII-KEIL_SWO.dll V2.0.18.0
Dialog DLL:      TCM.DLL V1.14.8.0
 
<h2>Project:</h2>
F:\Firmware with Bootloader\BootLoaderSTM32F103\BootLoaderSTM32F103\Bootloader.uvprojx
Project File Date:  01/03/2017

<h2>Output:</h2>
*** Using Compiler 'V5.06 update 1 (build 61)', folder: 'C:\Keil_v5\ARM\ARMCC\Bin'
Rebuild target 'Target 1'
compiling system_stm32f10x.c...
compiling CAN.c...
assembling startup_stm32f10x_hd.s...
compiling custom_flash_functions.c...
compiling misc.c...
compiling stm32f10x_flash.c...
compiling bootloadersyncf31.c...
bootloadersyncf31.c(322): warning:  #177-D: variable "Txdata" was declared but never referenced
  	uint64_t 			Txdata;
bootloadersyncf31.c(324): warning:  #177-D: variable "testidr" was declared but never referenced
  	unsigned short testidr;
bootloadersyncf31.c(383): warning:  #177-D: label "EraseFlash" was declared but never referenced
  	EraseFlash:
bootloadersyncf31.c(388): warning:  #177-D: label "ReadyForPartN" was declared but never referenced
  		ReadyForPartN:
bootloadersyncf31.c: 4 warnings, 0 errors
linking...
Program Size: Code=3520 RO-data=340 RW-data=588 ZI-data=17156  
FromELF: creating hex file...
".\Bootloader.axf" - 0 Error(s), 4 Warning(s).

<h2>Software Packages used:</h2>

Package Vendor: ARM
                http://www.keil.com/pack/ARM.CMSIS.4.5.0.pack
                ARM::CMSIS:CORE:4.3.0
                CMSIS (Cortex Microcontroller Software Interface Standard)
   * Component: CORE Version: 4.3.0

Package Vendor: Keil
                http://www.keil.com/pack/Keil.STM32F1xx_DFP.2.0.0.pack
                Keil::Device:StdPeriph Drivers:Framework:3.5.1
                STMicroelectronics STM32F1 Series Device Support, Drivers and Examples
   * Component: Framework Version: 3.5.1
   * Component: Flash Version: 3.5.0

<h2>Collection of Component include folders:</h2>
  F:\Firmware with Bootloader\BootLoaderSTM32F103\BootLoaderSTM32F103\RTE
  C:\Keil_v5\ARM\PACK\ARM\CMSIS\4.5.0\CMSIS\Include
  C:\Keil_v5\ARM\PACK\Keil\STM32F1xx_DFP\2.0.0\Device\Include
  C:\Keil_v5\ARM\PACK\Keil\STM32F1xx_DFP\2.0.0\Device\StdPeriph_Driver\inc

<h2>Collection of Component Files used:</h2>

   * Component: ARM::CMSIS:CORE:4.3.0

   * Component: Keil::Device:StdPeriph Drivers:Framework:3.5.1
      Source file:   Device\StdPeriph_Driver\templates\stm32f10x_it.c
      Include file:  Device\StdPeriph_Driver\templates\stm32f10x_it.h
      Include file:  Device\StdPeriph_Driver\inc\misc.h
      Source file:   Device\StdPeriph_Driver\src\misc.c
      Source file:   Device\StdPeriph_Driver\templates\stm32f10x_conf.h

   * Component: Keil::Device:StdPeriph Drivers:Flash:3.5.0
      Source file:   Device\StdPeriph_Driver\src\stm32f10x_flash.c
      Include file:  Device\StdPeriph_Driver\inc\stm32f10x_flash.h
Build Time Elapsed:  00:00:15
</pre>
</body>
</html>
